// Jest Snapshot v1, https://goo.gl/fbAQLP

exports[`renders without crashing 1`] = `
ShallowWrapper {
  "length": 1,
  Symbol(enzyme.__root__): [Circular],
  Symbol(enzyme.__unrendered__): <App />,
  Symbol(enzyme.__renderer__): Object {
    "batchedUpdates": [Function],
    "getNode": [Function],
    "render": [Function],
    "simulateEvent": [Function],
    "unmount": [Function],
  },
  Symbol(enzyme.__node__): Object {
    "instance": null,
    "key": undefined,
    "nodeType": "host",
    "props": Object {
      "children": Array [
        <h1>
          My Product Store
        </h1>,
        <p>
          You have selected 
          0
           product(s).
        </p>,
        <ProductList
          onProductSelect={[Function]}
          products={
            Array [
              Object {
                "brand": "Nike",
                "id": 1,
                "name": "AirMax 90",
              },
              Object {
                "brand": "Adidas",
                "id": 2,
                "name": "Yeezy",
              },
              Object {
                "brand": "Reebok",
                "id": 3,
                "name": "Classic",
              },
            ]
          }
        />,
      ],
    },
    "ref": null,
    "rendered": Array [
      Object {
        "instance": null,
        "key": undefined,
        "nodeType": "host",
        "props": Object {
          "children": "My Product Store",
        },
        "ref": null,
        "rendered": "My Product Store",
        "type": "h1",
      },
      Object {
        "instance": null,
        "key": undefined,
        "nodeType": "host",
        "props": Object {
          "children": Array [
            "You have selected ",
            0,
            " product(s).",
          ],
        },
        "ref": null,
        "rendered": Array [
          "You have selected ",
          0,
          " product(s).",
        ],
        "type": "p",
      },
      Object {
        "instance": null,
        "key": undefined,
        "nodeType": "function",
        "props": Object {
          "onProductSelect": [Function],
          "products": Array [
            Object {
              "brand": "Nike",
              "id": 1,
              "name": "AirMax 90",
            },
            Object {
              "brand": "Adidas",
              "id": 2,
              "name": "Yeezy",
            },
            Object {
              "brand": "Reebok",
              "id": 3,
              "name": "Classic",
            },
          ],
        },
        "ref": null,
        "rendered": null,
        "type": [Function],
      },
    ],
    "type": "div",
  },
  Symbol(enzyme.__nodes__): Array [
    Object {
      "instance": null,
      "key": undefined,
      "nodeType": "host",
      "props": Object {
        "children": Array [
          <h1>
            My Product Store
          </h1>,
          <p>
            You have selected 
            0
             product(s).
          </p>,
          <ProductList
            onProductSelect={[Function]}
            products={
              Array [
                Object {
                  "brand": "Nike",
                  "id": 1,
                  "name": "AirMax 90",
                },
                Object {
                  "brand": "Adidas",
                  "id": 2,
                  "name": "Yeezy",
                },
                Object {
                  "brand": "Reebok",
                  "id": 3,
                  "name": "Classic",
                },
              ]
            }
          />,
        ],
      },
      "ref": null,
      "rendered": Array [
        Object {
          "instance": null,
          "key": undefined,
          "nodeType": "host",
          "props": Object {
            "children": "My Product Store",
          },
          "ref": null,
          "rendered": "My Product Store",
          "type": "h1",
        },
        Object {
          "instance": null,
          "key": undefined,
          "nodeType": "host",
          "props": Object {
            "children": Array [
              "You have selected ",
              0,
              " product(s).",
            ],
          },
          "ref": null,
          "rendered": Array [
            "You have selected ",
            0,
            " product(s).",
          ],
          "type": "p",
        },
        Object {
          "instance": null,
          "key": undefined,
          "nodeType": "function",
          "props": Object {
            "onProductSelect": [Function],
            "products": Array [
              Object {
                "brand": "Nike",
                "id": 1,
                "name": "AirMax 90",
              },
              Object {
                "brand": "Adidas",
                "id": 2,
                "name": "Yeezy",
              },
              Object {
                "brand": "Reebok",
                "id": 3,
                "name": "Classic",
              },
            ],
          },
          "ref": null,
          "rendered": null,
          "type": [Function],
        },
      ],
      "type": "div",
    },
  ],
  Symbol(enzyme.__options__): Object {
    "adapter": ReactSixteenAdapter {
      "options": Object {
        "enableComponentDidUpdateOnSetState": true,
      },
    },
    "disableLifecycleMethods": true,
  },
}
`;
